// Jest Snapshot v1, https://goo.gl/fbAQLP

exports[`Dropdown renders without crashing 1`] = `
<div
  class="dropdown"
>
  <button
    class="btn btn-primary"
    type="button"
  >
    foo
  </button>
</div>
`;
