// Jest Snapshot v1, https://goo.gl/fbAQLP

exports[`renders CustomMenu without crashing 1`] = `
<div>
  <ul
    class="list-unstyled"
  />
</div>
`;
