// Jest Snapshot v1, https://goo.gl/fbAQLP

exports[`renders CustomToggle without crashing 1`] = `
<button
  class="btn btn-primary"
  type="button"
/>
`;
